{
  "a": [],
  "b": [
    "a"
  ],
  "c": [
    "a",
    "b"
  ],
  "d": [
    "a",
    "b",
    "c"
  ],
  "e": [
    "a",
    "b",
    "c",
    "d"
  ],
  "f": [
    "a",
    "b",
    "c",
    "d",
    "e"
  ],
  "g": [
    "a",
    "b",
    "c",
    "d",
    "e",
    "f"
  ],
  "h": [
    "a",
    "b",
    "c",
    "d",
    "e",
    "f",
    "g"
  ]
}
