{
  "figures": {},
  "files": [],
  "unlabeled": [
    "test.png"
  ]
}
