{
  "figures": {},
  "files": [
    "input.txt"
  ],
  "unlabeled": []
}
