{
  "figures": {
    "fig:test": [
      "test.png"
    ]
  },
  "files": [],
  "unlabeled": []
}